Component: ARM Compiler 5.06 update 4 (build 422) Tool: armlink [4d35d2]

==============================================================================

Section Cross References

    main.o(i.main) refers to action_sys.o(i.Device_Init) for Device_Init
    main.o(i.main) refers to action_uart.o(i.USART1_Init) for USART1_Init
    main.o(i.main) refers to action_uart.o(i.USART3_Init) for USART3_Init
    main.o(i.main) refers to action_uart.o(i.USART_printf) for USART_printf
    action_sys.o(i.Delay_Ms) refers to action_sys.o(i.GetTick) for GetTick
    action_sys.o(i.Device_Init) refers to action_sys.o(i.SystemClock_Config) for SystemClock_Config
    action_sys.o(i.Device_Init) refers to system_stm32f4xx.o(i.SystemCoreClockUpdate) for SystemCoreClockUpdate
    action_sys.o(i.Device_Init) refers to action_sys.o(i.SysTick_Init) for SysTick_Init
    action_sys.o(i.GetTick) refers to action_sys.o(.data) for uwTick
    action_sys.o(i.IncTick) refers to action_sys.o(.data) for uwTick
    action_sys.o(i.NVIC_InitPriority) refers to action_sys.o(i.__NVIC_SetPriority) for __NVIC_SetPriority
    action_sys.o(i.SysTick_Handler) refers to action_sys.o(i.IncTick) for IncTick
    action_sys.o(i.SysTick_Init) refers to action_sys.o(i.__NVIC_SetPriority) for __NVIC_SetPriority
    action_sys.o(i.SysTick_Init) refers to action_sys.o(i.NVIC_InitPriority) for NVIC_InitPriority
    action_sys.o(i.SysTick_Init) refers to system_stm32f4xx.o(.data) for SystemCoreClock
    action_uart.o(i.USART1_IRQHandler) refers to action_uart.o(.data) for USART_RX_CNT
    action_uart.o(i.USART1_IRQHandler) refers to action_uart.o(.ARM.__AT_0x20001000) for USART_RX_BUF
    action_uart.o(i.USART1_Init) refers to action_rcc.o(i.RCC_GetPCLK2Freq) for RCC_GetPCLK2Freq
    action_uart.o(i.USART1_Init) refers to action_sys.o(i.NVIC_InitPriority) for NVIC_InitPriority
    action_uart.o(i.USART1_Init) refers to action_uart.o(i.__NVIC_EnableIRQ) for __NVIC_EnableIRQ
    action_uart.o(i.USART3_Init) refers to action_uart.o(i.__NVIC_EnableIRQ) for __NVIC_EnableIRQ
    action_uart.o(i.USART_printf) refers to action_uart.o(i.itoa) for itoa
    action_rcc.o(i.RCC_GetHCLKFreq) refers to system_stm32f4xx.o(.data) for SystemCoreClock
    action_rcc.o(i.RCC_GetPCLK1Freq) refers to action_rcc.o(i.RCC_GetHCLKFreq) for RCC_GetHCLKFreq
    action_rcc.o(i.RCC_GetPCLK1Freq) refers to action_rcc.o(.constdata) for APBAHBPrescTable
    action_rcc.o(i.RCC_GetPCLK2Freq) refers to action_rcc.o(i.RCC_GetHCLKFreq) for RCC_GetHCLKFreq
    action_rcc.o(i.RCC_GetPCLK2Freq) refers to action_rcc.o(.constdata) for APBAHBPrescTable
    startup_stm32f407xx.o(RESET) refers to startup_stm32f407xx.o(STACK) for __initial_sp
    startup_stm32f407xx.o(RESET) refers to startup_stm32f407xx.o(.text) for Reset_Handler
    startup_stm32f407xx.o(RESET) refers to action_sys.o(i.SysTick_Handler) for SysTick_Handler
    startup_stm32f407xx.o(RESET) refers to action_uart.o(i.USART1_IRQHandler) for USART1_IRQHandler
    startup_stm32f407xx.o(.text) refers to system_stm32f4xx.o(i.SystemInit) for SystemInit
    startup_stm32f407xx.o(.text) refers to entry.o(.ARM.Collect$$$$00000000) for __main
    system_stm32f4xx.o(i.SystemCoreClockUpdate) refers to system_stm32f4xx.o(.data) for SystemCoreClock
    system_stm32f4xx.o(i.SystemCoreClockUpdate) refers to system_stm32f4xx.o(.constdata) for AHBPrescTable
    entry.o(.ARM.Collect$$$$00000000) refers (Special) to entry10a.o(.ARM.Collect$$$$0000000D) for __rt_final_cpp
    entry.o(.ARM.Collect$$$$00000000) refers (Special) to entry11a.o(.ARM.Collect$$$$0000000F) for __rt_final_exit
    entry.o(.ARM.Collect$$$$00000000) refers (Special) to entry7b.o(.ARM.Collect$$$$00000008) for _main_clock
    entry.o(.ARM.Collect$$$$00000000) refers (Special) to entry8b.o(.ARM.Collect$$$$0000000A) for _main_cpp_init
    entry.o(.ARM.Collect$$$$00000000) refers (Special) to entry9a.o(.ARM.Collect$$$$0000000B) for _main_init
    entry.o(.ARM.Collect$$$$00000000) refers (Special) to entry5.o(.ARM.Collect$$$$00000004) for _main_scatterload
    entry.o(.ARM.Collect$$$$00000000) refers (Special) to entry2.o(.ARM.Collect$$$$00000001) for _main_stk
    entry2.o(.ARM.Collect$$$$00000001) refers to entry2.o(.ARM.Collect$$$$00002712) for __lit__00000000
    entry2.o(.ARM.Collect$$$$00002712) refers to startup_stm32f407xx.o(STACK) for __initial_sp
    entry2.o(__vectab_stack_and_reset_area) refers to startup_stm32f407xx.o(STACK) for __initial_sp
    entry2.o(__vectab_stack_and_reset_area) refers to entry.o(.ARM.Collect$$$$00000000) for __main
    entry5.o(.ARM.Collect$$$$00000004) refers to init.o(.text) for __scatterload
    entry9a.o(.ARM.Collect$$$$0000000B) refers to main.o(i.main) for main
    entry9b.o(.ARM.Collect$$$$0000000C) refers to main.o(i.main) for main
    init.o(.text) refers to entry5.o(.ARM.Collect$$$$00000004) for __main_after_scatterload


==============================================================================

Removing Unused input sections from the image.

    Removing main.o(.rev16_text), (4 bytes).
    Removing main.o(.revsh_text), (4 bytes).
    Removing main.o(.rrx_text), (6 bytes).
    Removing action_gpio.o(.rev16_text), (4 bytes).
    Removing action_gpio.o(.revsh_text), (4 bytes).
    Removing action_gpio.o(.rrx_text), (6 bytes).
    Removing action_gpio.o(i.Beep_Init), (80 bytes).
    Removing action_gpio.o(i.LED_Init), (84 bytes).
    Removing action_sys.o(.rev16_text), (4 bytes).
    Removing action_sys.o(.revsh_text), (4 bytes).
    Removing action_sys.o(.rrx_text), (6 bytes).
    Removing action_sys.o(i.Delay_Ms), (26 bytes).
    Removing action_sys.o(i.GetTick), (12 bytes).
    Removing action_uart.o(.rev16_text), (4 bytes).
    Removing action_uart.o(.revsh_text), (4 bytes).
    Removing action_uart.o(.rrx_text), (6 bytes).
    Removing action_uart.o(.bss), (400 bytes).
    Removing action_rcc.o(.rev16_text), (4 bytes).
    Removing action_rcc.o(.revsh_text), (4 bytes).
    Removing action_rcc.o(.rrx_text), (6 bytes).
    Removing action_rcc.o(i.RCC_GetPCLK1Freq), (44 bytes).
    Removing startup_stm32f407xx.o(HEAP), (512 bytes).
    Removing system_stm32f4xx.o(.rev16_text), (4 bytes).
    Removing system_stm32f4xx.o(.revsh_text), (4 bytes).
    Removing system_stm32f4xx.o(.rrx_text), (6 bytes).

25 unused section(s) (total 1242 bytes) removed from the image.

==============================================================================

Image Symbol Table

    Local Symbols

    Symbol Name                              Value     Ov Type        Size  Object(Section)

    ../clib/microlib/init/entry.s            0x00000000   Number         0  entry7b.o ABSOLUTE
    ../clib/microlib/init/entry.s            0x00000000   Number         0  entry10b.o ABSOLUTE
    ../clib/microlib/init/entry.s            0x00000000   Number         0  entry8a.o ABSOLUTE
    ../clib/microlib/init/entry.s            0x00000000   Number         0  entry8b.o ABSOLUTE
    ../clib/microlib/init/entry.s            0x00000000   Number         0  entry9a.o ABSOLUTE
    ../clib/microlib/init/entry.s            0x00000000   Number         0  entry11b.o ABSOLUTE
    ../clib/microlib/init/entry.s            0x00000000   Number         0  entry11a.o ABSOLUTE
    ../clib/microlib/init/entry.s            0x00000000   Number         0  entry10a.o ABSOLUTE
    ../clib/microlib/init/entry.s            0x00000000   Number         0  entry9b.o ABSOLUTE
    ../clib/microlib/init/entry.s            0x00000000   Number         0  entry7a.o ABSOLUTE
    ../clib/microlib/init/entry.s            0x00000000   Number         0  entry5.o ABSOLUTE
    ../clib/microlib/init/entry.s            0x00000000   Number         0  entry2.o ABSOLUTE
    ../clib/microlib/init/entry.s            0x00000000   Number         0  entry.o ABSOLUTE
    ..\Application\main.c                    0x00000000   Number         0  main.o ABSOLUTE
    ..\Drivers\action_gpio.c                 0x00000000   Number         0  action_gpio.o ABSOLUTE
    ..\Drivers\action_rcc.c                  0x00000000   Number         0  action_rcc.o ABSOLUTE
    ..\Drivers\action_sys.c                  0x00000000   Number         0  action_sys.o ABSOLUTE
    ..\Drivers\action_uart.c                 0x00000000   Number         0  action_uart.o ABSOLUTE
    ..\\Application\\main.c                  0x00000000   Number         0  main.o ABSOLUTE
    ..\\Drivers\\action_gpio.c               0x00000000   Number         0  action_gpio.o ABSOLUTE
    ..\\Drivers\\action_rcc.c                0x00000000   Number         0  action_rcc.o ABSOLUTE
    ..\\Drivers\\action_sys.c                0x00000000   Number         0  action_sys.o ABSOLUTE
    ..\\Drivers\\action_uart.c               0x00000000   Number         0  action_uart.o ABSOLUTE
    RTE\Device\STM32F407ZGTx\startup_stm32f407xx.s 0x00000000   Number         0  startup_stm32f407xx.o ABSOLUTE
    RTE\Device\STM32F407ZGTx\system_stm32f4xx.c 0x00000000   Number         0  system_stm32f4xx.o ABSOLUTE
    RTE\\Device\\STM32F407ZGTx\\system_stm32f4xx.c 0x00000000   Number         0  system_stm32f4xx.o ABSOLUTE
    dc.s                                     0x00000000   Number         0  dc.o ABSOLUTE
    handlers.s                               0x00000000   Number         0  handlers.o ABSOLUTE
    init.s                                   0x00000000   Number         0  init.o ABSOLUTE
    RESET                                    0x08000000   Section      392  startup_stm32f407xx.o(RESET)
    .ARM.Collect$$$$00000000                 0x08000188   Section        0  entry.o(.ARM.Collect$$$$00000000)
    .ARM.Collect$$$$00000001                 0x08000188   Section        4  entry2.o(.ARM.Collect$$$$00000001)
    .ARM.Collect$$$$00000004                 0x0800018c   Section        4  entry5.o(.ARM.Collect$$$$00000004)
    .ARM.Collect$$$$00000008                 0x08000190   Section        0  entry7b.o(.ARM.Collect$$$$00000008)
    .ARM.Collect$$$$0000000A                 0x08000190   Section        0  entry8b.o(.ARM.Collect$$$$0000000A)
    .ARM.Collect$$$$0000000B                 0x08000190   Section        8  entry9a.o(.ARM.Collect$$$$0000000B)
    .ARM.Collect$$$$0000000D                 0x08000198   Section        0  entry10a.o(.ARM.Collect$$$$0000000D)
    .ARM.Collect$$$$0000000F                 0x08000198   Section        0  entry11a.o(.ARM.Collect$$$$0000000F)
    .ARM.Collect$$$$00002712                 0x08000198   Section        4  entry2.o(.ARM.Collect$$$$00002712)
    __lit__00000000                          0x08000198   Data           4  entry2.o(.ARM.Collect$$$$00002712)
    .text                                    0x0800019c   Section       36  startup_stm32f407xx.o(.text)
    $v0                                      0x0800019c   Number         0  startup_stm32f407xx.o(.text)
    .text                                    0x080001c0   Section       36  init.o(.text)
    i.Device_Init                            0x080001e4   Section        0  action_sys.o(i.Device_Init)
    i.IncTick                                0x08000248   Section        0  action_sys.o(i.IncTick)
    i.NVIC_InitPriority                      0x08000258   Section        0  action_sys.o(i.NVIC_InitPriority)
    i.RCC_GetHCLKFreq                        0x080002dc   Section        0  action_rcc.o(i.RCC_GetHCLKFreq)
    i.RCC_GetPCLK2Freq                       0x080002e8   Section        0  action_rcc.o(i.RCC_GetPCLK2Freq)
    i.SysTick_Handler                        0x08000314   Section        0  action_sys.o(i.SysTick_Handler)
    i.SysTick_Init                           0x0800031c   Section        0  action_sys.o(i.SysTick_Init)
    i.SystemClock_Config                     0x08000378   Section        0  action_sys.o(i.SystemClock_Config)
    i.SystemCoreClockUpdate                  0x08000470   Section        0  system_stm32f4xx.o(i.SystemCoreClockUpdate)
    i.SystemInit                             0x08000530   Section        0  system_stm32f4xx.o(i.SystemInit)
    i.USART1_IRQHandler                      0x08000594   Section        0  action_uart.o(i.USART1_IRQHandler)
    i.USART1_Init                            0x080005d0   Section        0  action_uart.o(i.USART1_Init)
    i.USART3_Init                            0x080006c8   Section        0  action_uart.o(i.USART3_Init)
    i.USART_printf                           0x08000844   Section        0  action_uart.o(i.USART_printf)
    i.__NVIC_EnableIRQ                       0x08000932   Section        0  action_uart.o(i.__NVIC_EnableIRQ)
    __NVIC_EnableIRQ                         0x08000933   Thumb Code    26  action_uart.o(i.__NVIC_EnableIRQ)
    i.__NVIC_SetPriority                     0x0800094c   Section        0  action_sys.o(i.__NVIC_SetPriority)
    __NVIC_SetPriority                       0x0800094d   Thumb Code    32  action_sys.o(i.__NVIC_SetPriority)
    i.__scatterload_copy                     0x08000974   Section       14  handlers.o(i.__scatterload_copy)
    i.__scatterload_null                     0x08000982   Section        2  handlers.o(i.__scatterload_null)
    i.__scatterload_zeroinit                 0x08000984   Section       14  handlers.o(i.__scatterload_zeroinit)
    i.itoa                                   0x08000992   Section        0  action_uart.o(i.itoa)
    i.main                                   0x080009f4   Section        0  main.o(i.main)
    .constdata                               0x08000a30   Section       16  action_rcc.o(.constdata)
    .constdata                               0x08000a40   Section       24  system_stm32f4xx.o(.constdata)
    .data                                    0x20000000   Section        4  action_sys.o(.data)
    .data                                    0x20000004   Section        8  action_uart.o(.data)
    .data                                    0x2000000c   Section        4  system_stm32f4xx.o(.data)
    STACK                                    0x20000010   Section     1024  startup_stm32f407xx.o(STACK)
    .ARM.__AT_0x20001000                     0x20001000   Section    122880  action_uart.o(.ARM.__AT_0x20001000)

    Global Symbols

    Symbol Name                              Value     Ov Type        Size  Object(Section)

    BuildAttributes$$THM_ISAv4$E$P$D$K$B$S$7EM$VFPi3$EXTD16$VFPS$VFMA$PE$A:L22UL41UL21$X:L11$S22US41US21$IEEE1$IW$USESV6$~STKCKD$USESV7$~SHL$OSPACE$EBA8$MICROLIB$REQ8$PRES8$EABIv2 0x00000000   Number         0  anon$$obj.o ABSOLUTE
    __ARM_use_no_argv                        0x00000000   Number         0  main.o ABSOLUTE
    __cpp_initialize__aeabi_                  - Undefined Weak Reference
    __cxa_finalize                            - Undefined Weak Reference
    __decompress                              - Undefined Weak Reference
    _clock_init                               - Undefined Weak Reference
    _microlib_exit                            - Undefined Weak Reference
    __Vectors_Size                           0x00000188   Number         0  startup_stm32f407xx.o ABSOLUTE
    __Vectors                                0x08000000   Data           4  startup_stm32f407xx.o(RESET)
    __Vectors_End                            0x08000188   Data           0  startup_stm32f407xx.o(RESET)
    __main                                   0x08000189   Thumb Code     0  entry.o(.ARM.Collect$$$$00000000)
    _main_stk                                0x08000189   Thumb Code     0  entry2.o(.ARM.Collect$$$$00000001)
    _main_scatterload                        0x0800018d   Thumb Code     0  entry5.o(.ARM.Collect$$$$00000004)
    __main_after_scatterload                 0x08000191   Thumb Code     0  entry5.o(.ARM.Collect$$$$00000004)
    _main_clock                              0x08000191   Thumb Code     0  entry7b.o(.ARM.Collect$$$$00000008)
    _main_cpp_init                           0x08000191   Thumb Code     0  entry8b.o(.ARM.Collect$$$$0000000A)
    _main_init                               0x08000191   Thumb Code     0  entry9a.o(.ARM.Collect$$$$0000000B)
    __rt_final_cpp                           0x08000199   Thumb Code     0  entry10a.o(.ARM.Collect$$$$0000000D)
    __rt_final_exit                          0x08000199   Thumb Code     0  entry11a.o(.ARM.Collect$$$$0000000F)
    Reset_Handler                            0x0800019d   Thumb Code     8  startup_stm32f407xx.o(.text)
    NMI_Handler                              0x080001a5   Thumb Code     2  startup_stm32f407xx.o(.text)
    HardFault_Handler                        0x080001a7   Thumb Code     2  startup_stm32f407xx.o(.text)
    MemManage_Handler                        0x080001a9   Thumb Code     2  startup_stm32f407xx.o(.text)
    BusFault_Handler                         0x080001ab   Thumb Code     2  startup_stm32f407xx.o(.text)
    UsageFault_Handler                       0x080001ad   Thumb Code     2  startup_stm32f407xx.o(.text)
    SVC_Handler                              0x080001af   Thumb Code     2  startup_stm32f407xx.o(.text)
    DebugMon_Handler                         0x080001b1   Thumb Code     2  startup_stm32f407xx.o(.text)
    PendSV_Handler                           0x080001b3   Thumb Code     2  startup_stm32f407xx.o(.text)
    ADC_IRQHandler                           0x080001b7   Thumb Code     0  startup_stm32f407xx.o(.text)
    CAN1_RX0_IRQHandler                      0x080001b7   Thumb Code     0  startup_stm32f407xx.o(.text)
    CAN1_RX1_IRQHandler                      0x080001b7   Thumb Code     0  startup_stm32f407xx.o(.text)
    CAN1_SCE_IRQHandler                      0x080001b7   Thumb Code     0  startup_stm32f407xx.o(.text)
    CAN1_TX_IRQHandler                       0x080001b7   Thumb Code     0  startup_stm32f407xx.o(.text)
    CAN2_RX0_IRQHandler                      0x080001b7   Thumb Code     0  startup_stm32f407xx.o(.text)
    CAN2_RX1_IRQHandler                      0x080001b7   Thumb Code     0  startup_stm32f407xx.o(.text)
    CAN2_SCE_IRQHandler                      0x080001b7   Thumb Code     0  startup_stm32f407xx.o(.text)
    CAN2_TX_IRQHandler                       0x080001b7   Thumb Code     0  startup_stm32f407xx.o(.text)
    DCMI_IRQHandler                          0x080001b7   Thumb Code     0  startup_stm32f407xx.o(.text)
    DMA1_Stream0_IRQHandler                  0x080001b7   Thumb Code     0  startup_stm32f407xx.o(.text)
    DMA1_Stream1_IRQHandler                  0x080001b7   Thumb Code     0  startup_stm32f407xx.o(.text)
    DMA1_Stream2_IRQHandler                  0x080001b7   Thumb Code     0  startup_stm32f407xx.o(.text)
    DMA1_Stream3_IRQHandler                  0x080001b7   Thumb Code     0  startup_stm32f407xx.o(.text)
    DMA1_Stream4_IRQHandler                  0x080001b7   Thumb Code     0  startup_stm32f407xx.o(.text)
    DMA1_Stream5_IRQHandler                  0x080001b7   Thumb Code     0  startup_stm32f407xx.o(.text)
    DMA1_Stream6_IRQHandler                  0x080001b7   Thumb Code     0  startup_stm32f407xx.o(.text)
    DMA1_Stream7_IRQHandler                  0x080001b7   Thumb Code     0  startup_stm32f407xx.o(.text)
    DMA2_Stream0_IRQHandler                  0x080001b7   Thumb Code     0  startup_stm32f407xx.o(.text)
    DMA2_Stream1_IRQHandler                  0x080001b7   Thumb Code     0  startup_stm32f407xx.o(.text)
    DMA2_Stream2_IRQHandler                  0x080001b7   Thumb Code     0  startup_stm32f407xx.o(.text)
    DMA2_Stream3_IRQHandler                  0x080001b7   Thumb Code     0  startup_stm32f407xx.o(.text)
    DMA2_Stream4_IRQHandler                  0x080001b7   Thumb Code     0  startup_stm32f407xx.o(.text)
    DMA2_Stream5_IRQHandler                  0x080001b7   Thumb Code     0  startup_stm32f407xx.o(.text)
    DMA2_Stream6_IRQHandler                  0x080001b7   Thumb Code     0  startup_stm32f407xx.o(.text)
    DMA2_Stream7_IRQHandler                  0x080001b7   Thumb Code     0  startup_stm32f407xx.o(.text)
    ETH_IRQHandler                           0x080001b7   Thumb Code     0  startup_stm32f407xx.o(.text)
    ETH_WKUP_IRQHandler                      0x080001b7   Thumb Code     0  startup_stm32f407xx.o(.text)
    EXTI0_IRQHandler                         0x080001b7   Thumb Code     0  startup_stm32f407xx.o(.text)
    EXTI15_10_IRQHandler                     0x080001b7   Thumb Code     0  startup_stm32f407xx.o(.text)
    EXTI1_IRQHandler                         0x080001b7   Thumb Code     0  startup_stm32f407xx.o(.text)
    EXTI2_IRQHandler                         0x080001b7   Thumb Code     0  startup_stm32f407xx.o(.text)
    EXTI3_IRQHandler                         0x080001b7   Thumb Code     0  startup_stm32f407xx.o(.text)
    EXTI4_IRQHandler                         0x080001b7   Thumb Code     0  startup_stm32f407xx.o(.text)
    EXTI9_5_IRQHandler                       0x080001b7   Thumb Code     0  startup_stm32f407xx.o(.text)
    FLASH_IRQHandler                         0x080001b7   Thumb Code     0  startup_stm32f407xx.o(.text)
    FMC_IRQHandler                           0x080001b7   Thumb Code     0  startup_stm32f407xx.o(.text)
    FPU_IRQHandler                           0x080001b7   Thumb Code     0  startup_stm32f407xx.o(.text)
    HASH_RNG_IRQHandler                      0x080001b7   Thumb Code     0  startup_stm32f407xx.o(.text)
    I2C1_ER_IRQHandler                       0x080001b7   Thumb Code     0  startup_stm32f407xx.o(.text)
    I2C1_EV_IRQHandler                       0x080001b7   Thumb Code     0  startup_stm32f407xx.o(.text)
    I2C2_ER_IRQHandler                       0x080001b7   Thumb Code     0  startup_stm32f407xx.o(.text)
    I2C2_EV_IRQHandler                       0x080001b7   Thumb Code     0  startup_stm32f407xx.o(.text)
    I2C3_ER_IRQHandler                       0x080001b7   Thumb Code     0  startup_stm32f407xx.o(.text)
    I2C3_EV_IRQHandler                       0x080001b7   Thumb Code     0  startup_stm32f407xx.o(.text)
    OTG_FS_IRQHandler                        0x080001b7   Thumb Code     0  startup_stm32f407xx.o(.text)
    OTG_FS_WKUP_IRQHandler                   0x080001b7   Thumb Code     0  startup_stm32f407xx.o(.text)
    OTG_HS_EP1_IN_IRQHandler                 0x080001b7   Thumb Code     0  startup_stm32f407xx.o(.text)
    OTG_HS_EP1_OUT_IRQHandler                0x080001b7   Thumb Code     0  startup_stm32f407xx.o(.text)
    OTG_HS_IRQHandler                        0x080001b7   Thumb Code     0  startup_stm32f407xx.o(.text)
    OTG_HS_WKUP_IRQHandler                   0x080001b7   Thumb Code     0  startup_stm32f407xx.o(.text)
    PVD_IRQHandler                           0x080001b7   Thumb Code     0  startup_stm32f407xx.o(.text)
    RCC_IRQHandler                           0x080001b7   Thumb Code     0  startup_stm32f407xx.o(.text)
    RTC_Alarm_IRQHandler                     0x080001b7   Thumb Code     0  startup_stm32f407xx.o(.text)
    RTC_WKUP_IRQHandler                      0x080001b7   Thumb Code     0  startup_stm32f407xx.o(.text)
    SDIO_IRQHandler                          0x080001b7   Thumb Code     0  startup_stm32f407xx.o(.text)
    SPI1_IRQHandler                          0x080001b7   Thumb Code     0  startup_stm32f407xx.o(.text)
    SPI2_IRQHandler                          0x080001b7   Thumb Code     0  startup_stm32f407xx.o(.text)
    SPI3_IRQHandler                          0x080001b7   Thumb Code     0  startup_stm32f407xx.o(.text)
    TAMP_STAMP_IRQHandler                    0x080001b7   Thumb Code     0  startup_stm32f407xx.o(.text)
    TIM1_BRK_TIM9_IRQHandler                 0x080001b7   Thumb Code     0  startup_stm32f407xx.o(.text)
    TIM1_CC_IRQHandler                       0x080001b7   Thumb Code     0  startup_stm32f407xx.o(.text)
    TIM1_TRG_COM_TIM11_IRQHandler            0x080001b7   Thumb Code     0  startup_stm32f407xx.o(.text)
    TIM1_UP_TIM10_IRQHandler                 0x080001b7   Thumb Code     0  startup_stm32f407xx.o(.text)
    TIM2_IRQHandler                          0x080001b7   Thumb Code     0  startup_stm32f407xx.o(.text)
    TIM3_IRQHandler                          0x080001b7   Thumb Code     0  startup_stm32f407xx.o(.text)
    TIM4_IRQHandler                          0x080001b7   Thumb Code     0  startup_stm32f407xx.o(.text)
    TIM5_IRQHandler                          0x080001b7   Thumb Code     0  startup_stm32f407xx.o(.text)
    TIM6_DAC_IRQHandler                      0x080001b7   Thumb Code     0  startup_stm32f407xx.o(.text)
    TIM7_IRQHandler                          0x080001b7   Thumb Code     0  startup_stm32f407xx.o(.text)
    TIM8_BRK_TIM12_IRQHandler                0x080001b7   Thumb Code     0  startup_stm32f407xx.o(.text)
    TIM8_CC_IRQHandler                       0x080001b7   Thumb Code     0  startup_stm32f407xx.o(.text)
    TIM8_TRG_COM_TIM14_IRQHandler            0x080001b7   Thumb Code     0  startup_stm32f407xx.o(.text)
    TIM8_UP_TIM13_IRQHandler                 0x080001b7   Thumb Code     0  startup_stm32f407xx.o(.text)
    UART4_IRQHandler                         0x080001b7   Thumb Code     0  startup_stm32f407xx.o(.text)
    UART5_IRQHandler                         0x080001b7   Thumb Code     0  startup_stm32f407xx.o(.text)
    USART2_IRQHandler                        0x080001b7   Thumb Code     0  startup_stm32f407xx.o(.text)
    USART3_IRQHandler                        0x080001b7   Thumb Code     0  startup_stm32f407xx.o(.text)
    USART6_IRQHandler                        0x080001b7   Thumb Code     0  startup_stm32f407xx.o(.text)
    WWDG_IRQHandler                          0x080001b7   Thumb Code     0  startup_stm32f407xx.o(.text)
    __scatterload                            0x080001c1   Thumb Code    28  init.o(.text)
    __scatterload_rt2                        0x080001c1   Thumb Code     0  init.o(.text)
    Device_Init                              0x080001e5   Thumb Code    86  action_sys.o(i.Device_Init)
    IncTick                                  0x08000249   Thumb Code    12  action_sys.o(i.IncTick)
    NVIC_InitPriority                        0x08000259   Thumb Code   128  action_sys.o(i.NVIC_InitPriority)
    RCC_GetHCLKFreq                          0x080002dd   Thumb Code     6  action_rcc.o(i.RCC_GetHCLKFreq)
    RCC_GetPCLK2Freq                         0x080002e9   Thumb Code    36  action_rcc.o(i.RCC_GetPCLK2Freq)
    SysTick_Handler                          0x08000315   Thumb Code     8  action_sys.o(i.SysTick_Handler)
    SysTick_Init                             0x0800031d   Thumb Code    86  action_sys.o(i.SysTick_Init)
    SystemClock_Config                       0x08000379   Thumb Code   238  action_sys.o(i.SystemClock_Config)
    SystemCoreClockUpdate                    0x08000471   Thumb Code   170  system_stm32f4xx.o(i.SystemCoreClockUpdate)
    SystemInit                               0x08000531   Thumb Code    82  system_stm32f4xx.o(i.SystemInit)
    USART1_IRQHandler                        0x08000595   Thumb Code    46  action_uart.o(i.USART1_IRQHandler)
    USART1_Init                              0x080005d1   Thumb Code   230  action_uart.o(i.USART1_Init)
    USART3_Init                              0x080006c9   Thumb Code   352  action_uart.o(i.USART3_Init)
    USART_printf                             0x08000845   Thumb Code   238  action_uart.o(i.USART_printf)
    __scatterload_copy                       0x08000975   Thumb Code    14  handlers.o(i.__scatterload_copy)
    __scatterload_null                       0x08000983   Thumb Code     2  handlers.o(i.__scatterload_null)
    __scatterload_zeroinit                   0x08000985   Thumb Code    14  handlers.o(i.__scatterload_zeroinit)
    itoa                                     0x08000993   Thumb Code    98  action_uart.o(i.itoa)
    main                                     0x080009f5   Thumb Code    46  main.o(i.main)
    APBAHBPrescTable                         0x08000a30   Data          16  action_rcc.o(.constdata)
    AHBPrescTable                            0x08000a40   Data          16  system_stm32f4xx.o(.constdata)
    APBPrescTable                            0x08000a50   Data           8  system_stm32f4xx.o(.constdata)
    Region$$Table$$Base                      0x08000a58   Number         0  anon$$obj.o(Region$$Table)
    Region$$Table$$Limit                     0x08000a78   Number         0  anon$$obj.o(Region$$Table)
    uwTick                                   0x20000000   Data           4  action_sys.o(.data)
    USART_RX_STA                             0x20000004   Data           2  action_uart.o(.data)
    USART_RX_CNT                             0x20000008   Data           4  action_uart.o(.data)
    SystemCoreClock                          0x2000000c   Data           4  system_stm32f4xx.o(.data)
    __initial_sp                             0x20000410   Data           0  startup_stm32f407xx.o(STACK)
    USART_RX_BUF                             0x20001000   Data       122880  action_uart.o(.ARM.__AT_0x20001000)



==============================================================================

Memory Map of the image

  Image Entry point : 0x08000189

  Load Region LR_IROM1 (Base: 0x08000000, Size: 0x00000a88, Max: 0x00100000, ABSOLUTE)

    Execution Region ER_IROM1 (Base: 0x08000000, Size: 0x00000a78, Max: 0x00100000, ABSOLUTE)

    Base Addr    Size         Type   Attr      Idx    E Section Name        Object

    0x08000000   0x00000188   Data   RO          315    RESET               startup_stm32f407xx.o
    0x08000188   0x00000000   Code   RO          357  * .ARM.Collect$$$$00000000  mc_w.l(entry.o)
    0x08000188   0x00000004   Code   RO          360    .ARM.Collect$$$$00000001  mc_w.l(entry2.o)
    0x0800018c   0x00000004   Code   RO          363    .ARM.Collect$$$$00000004  mc_w.l(entry5.o)
    0x08000190   0x00000000   Code   RO          365    .ARM.Collect$$$$00000008  mc_w.l(entry7b.o)
    0x08000190   0x00000000   Code   RO          367    .ARM.Collect$$$$0000000A  mc_w.l(entry8b.o)
    0x08000190   0x00000008   Code   RO          368    .ARM.Collect$$$$0000000B  mc_w.l(entry9a.o)
    0x08000198   0x00000000   Code   RO          370    .ARM.Collect$$$$0000000D  mc_w.l(entry10a.o)
    0x08000198   0x00000000   Code   RO          372    .ARM.Collect$$$$0000000F  mc_w.l(entry11a.o)
    0x08000198   0x00000004   Code   RO          361    .ARM.Collect$$$$00002712  mc_w.l(entry2.o)
    0x0800019c   0x00000024   Code   RO          316    .text               startup_stm32f407xx.o
    0x080001c0   0x00000024   Code   RO          374    .text               mc_w.l(init.o)
    0x080001e4   0x00000064   Code   RO          106    i.Device_Init       action_sys.o
    0x08000248   0x00000010   Code   RO          108    i.IncTick           action_sys.o
    0x08000258   0x00000084   Code   RO          109    i.NVIC_InitPriority  action_sys.o
    0x080002dc   0x0000000c   Code   RO          264    i.RCC_GetHCLKFreq   action_rcc.o
    0x080002e8   0x0000002c   Code   RO          266    i.RCC_GetPCLK2Freq  action_rcc.o
    0x08000314   0x00000008   Code   RO          110    i.SysTick_Handler   action_sys.o
    0x0800031c   0x0000005c   Code   RO          111    i.SysTick_Init      action_sys.o
    0x08000378   0x000000f8   Code   RO          112    i.SystemClock_Config  action_sys.o
    0x08000470   0x000000c0   Code   RO          323    i.SystemCoreClockUpdate  system_stm32f4xx.o
    0x08000530   0x00000064   Code   RO          324    i.SystemInit        system_stm32f4xx.o
    0x08000594   0x0000003c   Code   RO          186    i.USART1_IRQHandler  action_uart.o
    0x080005d0   0x000000f8   Code   RO          187    i.USART1_Init       action_uart.o
    0x080006c8   0x0000017c   Code   RO          188    i.USART3_Init       action_uart.o
    0x08000844   0x000000ee   Code   RO          189    i.USART_printf      action_uart.o
    0x08000932   0x0000001a   Code   RO          190    i.__NVIC_EnableIRQ  action_uart.o
    0x0800094c   0x00000028   Code   RO          113    i.__NVIC_SetPriority  action_sys.o
    0x08000974   0x0000000e   Code   RO          378    i.__scatterload_copy  mc_w.l(handlers.o)
    0x08000982   0x00000002   Code   RO          379    i.__scatterload_null  mc_w.l(handlers.o)
    0x08000984   0x0000000e   Code   RO          380    i.__scatterload_zeroinit  mc_w.l(handlers.o)
    0x08000992   0x00000062   Code   RO          191    i.itoa              action_uart.o
    0x080009f4   0x0000003c   Code   RO            4    i.main              main.o
    0x08000a30   0x00000010   Data   RO          267    .constdata          action_rcc.o
    0x08000a40   0x00000018   Data   RO          325    .constdata          system_stm32f4xx.o
    0x08000a58   0x00000020   Data   RO          376    Region$$Table       anon$$obj.o


    Execution Region RW_IRAM1 (Base: 0x20000000, Size: 0x0001f000, Max: 0x00020000, ABSOLUTE)

    Base Addr    Size         Type   Attr      Idx    E Section Name        Object

    0x20000000   0x00000004   Data   RW          114    .data               action_sys.o
    0x20000004   0x00000008   Data   RW          194    .data               action_uart.o
    0x2000000c   0x00000004   Data   RW          326    .data               system_stm32f4xx.o
    0x20000010   0x00000400   Zero   RW          313    STACK               startup_stm32f407xx.o
    0x20000410   0x00000bf0   PAD
    0x20001000   0x0001e000   Zero   RW          192    .ARM.__AT_0x20001000  action_uart.o


==============================================================================

Image component sizes


      Code (inc. data)   RO Data    RW Data    ZI Data      Debug   Object Name

         0          0          0          0          0     551056   action_gpio.o
        56         14         16          0          0       1792   action_rcc.o
       636         46          0          4          0      35034   action_sys.o
      1050         60          0          8     122880      36183   action_uart.o
        60         14          0          0          0     556147   main.o
        36          8        392          0       1024        896   startup_stm32f407xx.o
       292         40         24          4          0       2211   system_stm32f4xx.o

    ----------------------------------------------------------------------
      2130        182        464         16     126960    1183319   Object Totals
         0          0         32          0          0          0   (incl. Generated)
         0          0          0          0       3056          0   (incl. Padding)

    ----------------------------------------------------------------------

      Code (inc. data)   RO Data    RW Data    ZI Data      Debug   Library Member Name

         0          0          0          0          0          0   entry.o
         0          0          0          0          0          0   entry10a.o
         0          0          0          0          0          0   entry11a.o
         8          4          0          0          0          0   entry2.o
         4          0          0          0          0          0   entry5.o
         0          0          0          0          0          0   entry7b.o
         0          0          0          0          0          0   entry8b.o
         8          4          0          0          0          0   entry9a.o
        30          0          0          0          0          0   handlers.o
        36          8          0          0          0         68   init.o

    ----------------------------------------------------------------------
        86         16          0          0          0         68   Library Totals
         0          0          0          0          0          0   (incl. Padding)

    ----------------------------------------------------------------------

      Code (inc. data)   RO Data    RW Data    ZI Data      Debug   Library Name

        86         16          0          0          0         68   mc_w.l

    ----------------------------------------------------------------------
        86         16          0          0          0         68   Library Totals

    ----------------------------------------------------------------------

==============================================================================


      Code (inc. data)   RO Data    RW Data    ZI Data      Debug   

      2216        198        464         16     126960    1182291   Grand Totals
      2216        198        464         16     126960    1182291   ELF Image Totals
      2216        198        464         16          0          0   ROM Totals

==============================================================================

    Total RO  Size (Code + RO Data)                 2680 (   2.62kB)
    Total RW  Size (RW Data + ZI Data)            126976 ( 124.00kB)
    Total ROM Size (Code + RO Data + RW Data)       2696 (   2.63kB)

==============================================================================

