Component: ARM Compiler 5.06 update 4 (build 422) Tool: armlink [4d35d2]

==============================================================================

Section Cross References

    main.o(i.main) refers to action_sys.o(i.Device_Init) for Device_Init
    main.o(i.main) refers to action_gpio.o(i.Beep_Init) for Beep_Init
    main.o(i.main) refers to action_gpio.o(i.KEY_Init) for KEY_Init
    main.o(i.main) refers to action_uart.o(i.USART3_Init) for USART3_Init
    main.o(i.main) refers to action_uart.o(i.USART_printf) for USART_printf
    main.o(i.main) refers to iap.o(i.iap_write_appbin) for iap_write_appbin
    main.o(i.main) refers to action_sys.o(i.Delay_Ms) for Delay_Ms
    main.o(i.main) refers to iap.o(i.iap_load_app) for iap_load_app
    main.o(i.main) refers to action_uart.o(.data) for USART_RX_CNT
    main.o(i.main) refers to action_uart.o(.ARM.__AT_0x20001000) for USART_RX_BUF_BIN
    iap.o(i.iap_load_app) refers to iap.o(.emb_text) for MSR_MSP
    iap.o(i.iap_load_app) refers to iap.o(.data) for jump2app
    iap.o(i.iap_write_appbin) refers to action_flash.o(i.STMFLASH_Write) for STMFLASH_Write
    iap.o(i.iap_write_appbin) refers to iap.o(.bss) for iapbuf
    action_sys.o(i.Delay_Ms) refers to action_sys.o(i.GetTick) for GetTick
    action_sys.o(i.Device_Init) refers to action_sys.o(i.SystemClock_Config) for SystemClock_Config
    action_sys.o(i.Device_Init) refers to system_stm32f4xx.o(i.SystemCoreClockUpdate) for SystemCoreClockUpdate
    action_sys.o(i.Device_Init) refers to action_sys.o(i.SysTick_Init) for SysTick_Init
    action_sys.o(i.GetTick) refers to action_sys.o(.data) for uwTick
    action_sys.o(i.IncTick) refers to action_sys.o(.data) for uwTick
    action_sys.o(i.SysTick_Handler) refers to action_sys.o(i.IncTick) for IncTick
    action_sys.o(i.SysTick_Init) refers to action_sys.o(i.__NVIC_SetPriority) for __NVIC_SetPriority
    action_sys.o(i.SysTick_Init) refers to system_stm32f4xx.o(.data) for SystemCoreClock
    action_uart.o(i.UART5_Init) refers to action_uart.o(i.__NVIC_GetPriorityGrouping) for __NVIC_GetPriorityGrouping
    action_uart.o(i.UART5_Init) refers to action_uart.o(i.NVIC_EncodePriority) for NVIC_EncodePriority
    action_uart.o(i.UART5_Init) refers to action_uart.o(i.__NVIC_SetPriority) for __NVIC_SetPriority
    action_uart.o(i.UART5_Init) refers to action_uart.o(i.__NVIC_EnableIRQ) for __NVIC_EnableIRQ
    action_uart.o(i.USART1_Init) refers to action_uart.o(i.__NVIC_GetPriorityGrouping) for __NVIC_GetPriorityGrouping
    action_uart.o(i.USART1_Init) refers to action_uart.o(i.NVIC_EncodePriority) for NVIC_EncodePriority
    action_uart.o(i.USART1_Init) refers to action_uart.o(i.__NVIC_SetPriority) for __NVIC_SetPriority
    action_uart.o(i.USART1_Init) refers to action_uart.o(i.__NVIC_EnableIRQ) for __NVIC_EnableIRQ
    action_uart.o(i.USART3_IRQHandler) refers to action_uart.o(.data) for USART_RX_CNT
    action_uart.o(i.USART3_IRQHandler) refers to action_uart.o(.ARM.__AT_0x20001000) for USART_RX_BUF_BIN
    action_uart.o(i.USART3_Init) refers to action_uart.o(i.__NVIC_GetPriorityGrouping) for __NVIC_GetPriorityGrouping
    action_uart.o(i.USART3_Init) refers to action_uart.o(i.NVIC_EncodePriority) for NVIC_EncodePriority
    action_uart.o(i.USART3_Init) refers to action_uart.o(i.__NVIC_SetPriority) for __NVIC_SetPriority
    action_uart.o(i.USART3_Init) refers to action_uart.o(i.__NVIC_EnableIRQ) for __NVIC_EnableIRQ
    action_uart.o(i.USART_printf) refers to printfa.o(i.__0vsprintf) for vsprintf
    action_uart.o(i.USART_printf) refers to strlen.o(.text) for strlen
    action_uart.o(i.USART_send) refers to action_uart.o(i.getstrlen) for getstrlen
    action_flash.o(i.STMFLASH_EraseSector) refers to action_flash.o(i.STMFLASH_WaitDone) for STMFLASH_WaitDone
    action_flash.o(i.STMFLASH_Read) refers to action_flash.o(i.STMFLASH_ReadWord) for STMFLASH_ReadWord
    action_flash.o(i.STMFLASH_WaitDone) refers to action_flash.o(i.STMFLASH_GetStatus) for STMFLASH_GetStatus
    action_flash.o(i.STMFLASH_WaitDone) refers to action_sys.o(i.Delay_Ms) for Delay_Ms
    action_flash.o(i.STMFLASH_Write) refers to action_flash.o(i.STMFLASH_Unlock) for STMFLASH_Unlock
    action_flash.o(i.STMFLASH_Write) refers to action_flash.o(i.STMFLASH_ReadWord) for STMFLASH_ReadWord
    action_flash.o(i.STMFLASH_Write) refers to action_flash.o(i.STMFLASH_GetFlashSector) for STMFLASH_GetFlashSector
    action_flash.o(i.STMFLASH_Write) refers to action_flash.o(i.STMFLASH_EraseSector) for STMFLASH_EraseSector
    action_flash.o(i.STMFLASH_Write) refers to action_flash.o(i.STMFLASH_WriteWord) for STMFLASH_WriteWord
    action_flash.o(i.STMFLASH_Write) refers to action_flash.o(i.STMFLASH_Lock) for STMFLASH_Lock
    action_flash.o(i.STMFLASH_WriteWord) refers to action_flash.o(i.STMFLASH_WaitDone) for STMFLASH_WaitDone
    action_flash.o(i.Test_Write) refers to action_flash.o(i.STMFLASH_Write) for STMFLASH_Write
    startup_stm32f407xx.o(RESET) refers to startup_stm32f407xx.o(STACK) for __initial_sp
    startup_stm32f407xx.o(RESET) refers to startup_stm32f407xx.o(.text) for Reset_Handler
    startup_stm32f407xx.o(RESET) refers to action_sys.o(i.SysTick_Handler) for SysTick_Handler
    startup_stm32f407xx.o(RESET) refers to action_uart.o(i.USART1_IRQHandler) for USART1_IRQHandler
    startup_stm32f407xx.o(RESET) refers to action_uart.o(i.USART3_IRQHandler) for USART3_IRQHandler
    startup_stm32f407xx.o(RESET) refers to action_uart.o(i.UART5_IRQHandler) for UART5_IRQHandler
    startup_stm32f407xx.o(.text) refers to system_stm32f4xx.o(i.SystemInit) for SystemInit
    startup_stm32f407xx.o(.text) refers to entry.o(.ARM.Collect$$$$00000000) for __main
    system_stm32f4xx.o(i.SystemCoreClockUpdate) refers to system_stm32f4xx.o(.data) for SystemCoreClock
    system_stm32f4xx.o(i.SystemCoreClockUpdate) refers to system_stm32f4xx.o(.constdata) for AHBPrescTable
    entry.o(.ARM.Collect$$$$00000000) refers (Special) to entry10a.o(.ARM.Collect$$$$0000000D) for __rt_final_cpp
    entry.o(.ARM.Collect$$$$00000000) refers (Special) to entry11a.o(.ARM.Collect$$$$0000000F) for __rt_final_exit
    entry.o(.ARM.Collect$$$$00000000) refers (Special) to entry7b.o(.ARM.Collect$$$$00000008) for _main_clock
    entry.o(.ARM.Collect$$$$00000000) refers (Special) to entry8b.o(.ARM.Collect$$$$0000000A) for _main_cpp_init
    entry.o(.ARM.Collect$$$$00000000) refers (Special) to entry9a.o(.ARM.Collect$$$$0000000B) for _main_init
    entry.o(.ARM.Collect$$$$00000000) refers (Special) to entry5.o(.ARM.Collect$$$$00000004) for _main_scatterload
    entry.o(.ARM.Collect$$$$00000000) refers (Special) to entry2.o(.ARM.Collect$$$$00000001) for _main_stk
    printfa.o(i.__0fprintf) refers (Special) to iusefp.o(.text) for __I$use$fp
    printfa.o(i.__0fprintf) refers to printfa.o(i._printf_core) for _printf_core
    printfa.o(i.__0fprintf) refers to fputc.o(i.fputc) for fputc
    printfa.o(i.__0printf) refers (Special) to iusefp.o(.text) for __I$use$fp
    printfa.o(i.__0printf) refers to printfa.o(i._printf_core) for _printf_core
    printfa.o(i.__0printf) refers to fputc.o(i.fputc) for fputc
    printfa.o(i.__0printf) refers to stdout.o(.data) for __stdout
    printfa.o(i.__0snprintf) refers (Special) to iusefp.o(.text) for __I$use$fp
    printfa.o(i.__0snprintf) refers to printfa.o(i._printf_core) for _printf_core
    printfa.o(i.__0snprintf) refers to printfa.o(i._snputc) for _snputc
    printfa.o(i.__0sprintf) refers (Special) to iusefp.o(.text) for __I$use$fp
    printfa.o(i.__0sprintf) refers to printfa.o(i._printf_core) for _printf_core
    printfa.o(i.__0sprintf) refers to printfa.o(i._sputc) for _sputc
    printfa.o(i.__0vfprintf) refers (Special) to iusefp.o(.text) for __I$use$fp
    printfa.o(i.__0vfprintf) refers to printfa.o(i._printf_core) for _printf_core
    printfa.o(i.__0vfprintf) refers to fputc.o(i.fputc) for fputc
    printfa.o(i.__0vprintf) refers (Special) to iusefp.o(.text) for __I$use$fp
    printfa.o(i.__0vprintf) refers to printfa.o(i._printf_core) for _printf_core
    printfa.o(i.__0vprintf) refers to fputc.o(i.fputc) for fputc
    printfa.o(i.__0vprintf) refers to stdout.o(.data) for __stdout
    printfa.o(i.__0vsnprintf) refers (Special) to iusefp.o(.text) for __I$use$fp
    printfa.o(i.__0vsnprintf) refers to printfa.o(i._printf_core) for _printf_core
    printfa.o(i.__0vsnprintf) refers to printfa.o(i._snputc) for _snputc
    printfa.o(i.__0vsprintf) refers (Special) to iusefp.o(.text) for __I$use$fp
    printfa.o(i.__0vsprintf) refers to printfa.o(i._printf_core) for _printf_core
    printfa.o(i.__0vsprintf) refers to printfa.o(i._sputc) for _sputc
    printfa.o(i._fp_digits) refers (Special) to iusefp.o(.text) for __I$use$fp
    printfa.o(i._fp_digits) refers to dmul.o(.text) for __aeabi_dmul
    printfa.o(i._fp_digits) refers to ddiv.o(.text) for __aeabi_ddiv
    printfa.o(i._fp_digits) refers to cdrcmple.o(.text) for __aeabi_cdrcmple
    printfa.o(i._fp_digits) refers to dadd.o(.text) for __aeabi_dadd
    printfa.o(i._fp_digits) refers to dfixul.o(.text) for __aeabi_d2ulz
    printfa.o(i._fp_digits) refers to uldiv.o(.text) for __aeabi_uldivmod
    printfa.o(i._printf_core) refers (Special) to iusefp.o(.text) for __I$use$fp
    printfa.o(i._printf_core) refers to printfa.o(i._printf_pre_padding) for _printf_pre_padding
    printfa.o(i._printf_core) refers to uldiv.o(.text) for __aeabi_uldivmod
    printfa.o(i._printf_core) refers to printfa.o(i._printf_post_padding) for _printf_post_padding
    printfa.o(i._printf_core) refers to printfa.o(i._fp_digits) for _fp_digits
    printfa.o(i._printf_core) refers to uidiv.o(.text) for __aeabi_uidivmod
    printfa.o(i._printf_post_padding) refers (Special) to iusefp.o(.text) for __I$use$fp
    printfa.o(i._printf_pre_padding) refers (Special) to iusefp.o(.text) for __I$use$fp
    printfa.o(i._snputc) refers (Special) to iusefp.o(.text) for __I$use$fp
    printfa.o(i._sputc) refers (Special) to iusefp.o(.text) for __I$use$fp
    entry2.o(.ARM.Collect$$$$00000001) refers to entry2.o(.ARM.Collect$$$$00002712) for __lit__00000000
    entry2.o(.ARM.Collect$$$$00002712) refers to startup_stm32f407xx.o(STACK) for __initial_sp
    entry2.o(__vectab_stack_and_reset_area) refers to startup_stm32f407xx.o(STACK) for __initial_sp
    entry2.o(__vectab_stack_and_reset_area) refers to entry.o(.ARM.Collect$$$$00000000) for __main
    entry5.o(.ARM.Collect$$$$00000004) refers to init.o(.text) for __scatterload
    entry9a.o(.ARM.Collect$$$$0000000B) refers to main.o(i.main) for main
    entry9b.o(.ARM.Collect$$$$0000000C) refers to main.o(i.main) for main
    fputc.o(i.fputc) refers (Special) to iusesemip.o(.text) for __I$use$semihosting$fputc
    fputc.o(i.fputc) refers (Special) to semi.o(.text) for __semihosting_library_function
    uldiv.o(.text) refers to llushr.o(.text) for __aeabi_llsr
    uldiv.o(.text) refers to llshl.o(.text) for __aeabi_llsl
    dadd.o(.text) refers to llshl.o(.text) for __aeabi_llsl
    dadd.o(.text) refers to llsshr.o(.text) for __aeabi_lasr
    dadd.o(.text) refers to depilogue.o(.text) for _double_epilogue
    dmul.o(.text) refers to depilogue.o(.text) for _double_epilogue
    ddiv.o(.text) refers to depilogue.o(.text) for _double_round
    dfixul.o(.text) refers to llushr.o(.text) for __aeabi_llsr
    dfixul.o(.text) refers to llshl.o(.text) for __aeabi_llsl
    init.o(.text) refers to entry5.o(.ARM.Collect$$$$00000004) for __main_after_scatterload
    depilogue.o(.text) refers to llshl.o(.text) for __aeabi_llsl
    depilogue.o(.text) refers to llushr.o(.text) for __aeabi_llsr


==============================================================================

Removing Unused input sections from the image.

    Removing main.o(.rev16_text), (4 bytes).
    Removing main.o(.revsh_text), (4 bytes).
    Removing main.o(.rrx_text), (6 bytes).
    Removing iap.o(.rev16_text), (4 bytes).
    Removing iap.o(.revsh_text), (4 bytes).
    Removing iap.o(.rrx_text), (6 bytes).
    Removing action_sys.o(.rev16_text), (4 bytes).
    Removing action_sys.o(.revsh_text), (4 bytes).
    Removing action_sys.o(.rrx_text), (6 bytes).
    Removing action_uart.o(.rev16_text), (4 bytes).
    Removing action_uart.o(.revsh_text), (4 bytes).
    Removing action_uart.o(.rrx_text), (6 bytes).
    Removing action_uart.o(i.UART5_Init), (292 bytes).
    Removing action_uart.o(i.USART1_Init), (252 bytes).
    Removing action_uart.o(i.USART_send), (78 bytes).
    Removing action_uart.o(i.getstrlen), (20 bytes).
    Removing action_flash.o(.rev16_text), (4 bytes).
    Removing action_flash.o(.revsh_text), (4 bytes).
    Removing action_flash.o(.rrx_text), (6 bytes).
    Removing action_flash.o(i.STMFLASH_Read), (32 bytes).
    Removing action_flash.o(i.Test_Write), (16 bytes).
    Removing action_gpio.o(.rev16_text), (4 bytes).
    Removing action_gpio.o(.revsh_text), (4 bytes).
    Removing action_gpio.o(.rrx_text), (6 bytes).
    Removing action_gpio.o(i.LED_Init), (84 bytes).
    Removing startup_stm32f407xx.o(HEAP), (512 bytes).
    Removing system_stm32f4xx.o(.rev16_text), (4 bytes).
    Removing system_stm32f4xx.o(.revsh_text), (4 bytes).
    Removing system_stm32f4xx.o(.rrx_text), (6 bytes).

29 unused section(s) (total 1384 bytes) removed from the image.

==============================================================================

Image Symbol Table

    Local Symbols

    Symbol Name                              Value     Ov Type        Size  Object(Section)

    ../clib/microlib/division.c              0x00000000   Number         0  uidiv.o ABSOLUTE
    ../clib/microlib/division.c              0x00000000   Number         0  uldiv.o ABSOLUTE
    ../clib/microlib/init/entry.s            0x00000000   Number         0  entry10b.o ABSOLUTE
    ../clib/microlib/init/entry.s            0x00000000   Number         0  entry8a.o ABSOLUTE
    ../clib/microlib/init/entry.s            0x00000000   Number         0  entry2.o ABSOLUTE
    ../clib/microlib/init/entry.s            0x00000000   Number         0  entry7b.o ABSOLUTE
    ../clib/microlib/init/entry.s            0x00000000   Number         0  entry10a.o ABSOLUTE
    ../clib/microlib/init/entry.s            0x00000000   Number         0  entry9b.o ABSOLUTE
    ../clib/microlib/init/entry.s            0x00000000   Number         0  entry9a.o ABSOLUTE
    ../clib/microlib/init/entry.s            0x00000000   Number         0  entry11b.o ABSOLUTE
    ../clib/microlib/init/entry.s            0x00000000   Number         0  entry.o ABSOLUTE
    ../clib/microlib/init/entry.s            0x00000000   Number         0  entry5.o ABSOLUTE
    ../clib/microlib/init/entry.s            0x00000000   Number         0  entry7a.o ABSOLUTE
    ../clib/microlib/init/entry.s            0x00000000   Number         0  entry8b.o ABSOLUTE
    ../clib/microlib/init/entry.s            0x00000000   Number         0  entry11a.o ABSOLUTE
    ../clib/microlib/longlong.c              0x00000000   Number         0  llsshr.o ABSOLUTE
    ../clib/microlib/longlong.c              0x00000000   Number         0  llushr.o ABSOLUTE
    ../clib/microlib/longlong.c              0x00000000   Number         0  llshl.o ABSOLUTE
    ../clib/microlib/printf/printf.c         0x00000000   Number         0  printfa.o ABSOLUTE
    ../clib/microlib/stdio/fputc.c           0x00000000   Number         0  fputc.o ABSOLUTE
    ../clib/microlib/stdio/semi.s            0x00000000   Number         0  semi.o ABSOLUTE
    ../clib/microlib/stdio/streams.c         0x00000000   Number         0  stdout.o ABSOLUTE
    ../clib/microlib/string/strlen.c         0x00000000   Number         0  strlen.o ABSOLUTE
    ../clib/microlib/stubs.s                 0x00000000   Number         0  iusefp.o ABSOLUTE
    ../clib/microlib/stubs.s                 0x00000000   Number         0  iusesemip.o ABSOLUTE
    ../fplib/microlib/fpadd.c                0x00000000   Number         0  dadd.o ABSOLUTE
    ../fplib/microlib/fpdiv.c                0x00000000   Number         0  ddiv.o ABSOLUTE
    ../fplib/microlib/fpepilogue.c           0x00000000   Number         0  depilogue.o ABSOLUTE
    ../fplib/microlib/fpfix.c                0x00000000   Number         0  dfixul.o ABSOLUTE
    ../fplib/microlib/fpmul.c                0x00000000   Number         0  dmul.o ABSOLUTE
    ..\Application\iap.c                     0x00000000   Number         0  iap.o ABSOLUTE
    ..\Application\main.c                    0x00000000   Number         0  main.o ABSOLUTE
    ..\Drivers\action_flash.c                0x00000000   Number         0  action_flash.o ABSOLUTE
    ..\Drivers\action_gpio.c                 0x00000000   Number         0  action_gpio.o ABSOLUTE
    ..\Drivers\action_sys.c                  0x00000000   Number         0  action_sys.o ABSOLUTE
    ..\Drivers\action_uart.c                 0x00000000   Number         0  action_uart.o ABSOLUTE
    ..\\Application\\iap.c                   0x00000000   Number         0  iap.o ABSOLUTE
    ..\\Application\\main.c                  0x00000000   Number         0  main.o ABSOLUTE
    ..\\Drivers\\action_flash.c              0x00000000   Number         0  action_flash.o ABSOLUTE
    ..\\Drivers\\action_gpio.c               0x00000000   Number         0  action_gpio.o ABSOLUTE
    ..\\Drivers\\action_sys.c                0x00000000   Number         0  action_sys.o ABSOLUTE
    ..\\Drivers\\action_uart.c               0x00000000   Number         0  action_uart.o ABSOLUTE
    RTE\Device\STM32F407ZGTx\startup_stm32f407xx.s 0x00000000   Number         0  startup_stm32f407xx.o ABSOLUTE
    RTE\Device\STM32F407ZGTx\system_stm32f4xx.c 0x00000000   Number         0  system_stm32f4xx.o ABSOLUTE
    RTE\\Device\\STM32F407ZGTx\\system_stm32f4xx.c 0x00000000   Number         0  system_stm32f4xx.o ABSOLUTE
    cdrcmple.s                               0x00000000   Number         0  cdrcmple.o ABSOLUTE
    dc.s                                     0x00000000   Number         0  dc.o ABSOLUTE
    handlers.s                               0x00000000   Number         0  handlers.o ABSOLUTE
    init.s                                   0x00000000   Number         0  init.o ABSOLUTE
    RESET                                    0x08000000   Section      392  startup_stm32f407xx.o(RESET)
    .ARM.Collect$$$$00000000                 0x08000188   Section        0  entry.o(.ARM.Collect$$$$00000000)
    .ARM.Collect$$$$00000001                 0x08000188   Section        4  entry2.o(.ARM.Collect$$$$00000001)
    .ARM.Collect$$$$00000004                 0x0800018c   Section        4  entry5.o(.ARM.Collect$$$$00000004)
    .ARM.Collect$$$$00000008                 0x08000190   Section        0  entry7b.o(.ARM.Collect$$$$00000008)
    .ARM.Collect$$$$0000000A                 0x08000190   Section        0  entry8b.o(.ARM.Collect$$$$0000000A)
    .ARM.Collect$$$$0000000B                 0x08000190   Section        8  entry9a.o(.ARM.Collect$$$$0000000B)
    .ARM.Collect$$$$0000000D                 0x08000198   Section        0  entry10a.o(.ARM.Collect$$$$0000000D)
    .ARM.Collect$$$$0000000F                 0x08000198   Section        0  entry11a.o(.ARM.Collect$$$$0000000F)
    .ARM.Collect$$$$00002712                 0x08000198   Section        4  entry2.o(.ARM.Collect$$$$00002712)
    __lit__00000000                          0x08000198   Data           4  entry2.o(.ARM.Collect$$$$00002712)
    .emb_text                                0x0800019c   Section        6  iap.o(.emb_text)
    $v0                                      0x0800019c   Number         0  iap.o(.emb_text)
    .text                                    0x080001a4   Section       36  startup_stm32f407xx.o(.text)
    $v0                                      0x080001a4   Number         0  startup_stm32f407xx.o(.text)
    .text                                    0x080001c8   Section        0  strlen.o(.text)
    .text                                    0x080001d6   Section        0  uidiv.o(.text)
    .text                                    0x08000202   Section        0  uldiv.o(.text)
    .text                                    0x08000264   Section        0  dadd.o(.text)
    .text                                    0x08000264   Section        0  iusefp.o(.text)
    .text                                    0x080003b2   Section        0  dmul.o(.text)
    .text                                    0x08000496   Section        0  ddiv.o(.text)
    .text                                    0x08000574   Section        0  dfixul.o(.text)
    .text                                    0x080005a4   Section       48  cdrcmple.o(.text)
    .text                                    0x080005d4   Section       36  init.o(.text)
    .text                                    0x080005f8   Section        0  llshl.o(.text)
    .text                                    0x08000616   Section        0  llushr.o(.text)
    .text                                    0x08000636   Section        0  llsshr.o(.text)
    .text                                    0x0800065a   Section        0  depilogue.o(.text)
    i.Beep_Init                              0x08000714   Section        0  action_gpio.o(i.Beep_Init)
    i.Delay_Ms                               0x08000768   Section        0  action_sys.o(i.Delay_Ms)
    i.Device_Init                            0x08000784   Section        0  action_sys.o(i.Device_Init)
    i.GetTick                                0x080007e8   Section        0  action_sys.o(i.GetTick)
    i.IncTick                                0x080007f4   Section        0  action_sys.o(i.IncTick)
    i.KEY_Init                               0x08000804   Section        0  action_gpio.o(i.KEY_Init)
    i.NVIC_EncodePriority                    0x08000830   Section        0  action_uart.o(i.NVIC_EncodePriority)
    NVIC_EncodePriority                      0x08000831   Thumb Code    64  action_uart.o(i.NVIC_EncodePriority)
    i.STMFLASH_EraseSector                   0x08000870   Section        0  action_flash.o(i.STMFLASH_EraseSector)
    i.STMFLASH_GetFlashSector                0x080008e4   Section        0  action_flash.o(i.STMFLASH_GetFlashSector)
    i.STMFLASH_GetStatus                     0x08000984   Section        0  action_flash.o(i.STMFLASH_GetStatus)
    i.STMFLASH_Lock                          0x080009c4   Section        0  action_flash.o(i.STMFLASH_Lock)
    i.STMFLASH_ReadWord                      0x080009d8   Section        0  action_flash.o(i.STMFLASH_ReadWord)
    i.STMFLASH_Unlock                        0x080009e0   Section        0  action_flash.o(i.STMFLASH_Unlock)
    i.STMFLASH_WaitDone                      0x080009f8   Section        0  action_flash.o(i.STMFLASH_WaitDone)
    i.STMFLASH_Write                         0x08000a20   Section        0  action_flash.o(i.STMFLASH_Write)
    i.STMFLASH_WriteWord                     0x08000ac4   Section        0  action_flash.o(i.STMFLASH_WriteWord)
    i.SysTick_Handler                        0x08000b18   Section        0  action_sys.o(i.SysTick_Handler)
    i.SysTick_Init                           0x08000b20   Section        0  action_sys.o(i.SysTick_Init)
    i.SystemClock_Config                     0x08000bd0   Section        0  action_sys.o(i.SystemClock_Config)
    i.SystemCoreClockUpdate                  0x08000cc8   Section        0  system_stm32f4xx.o(i.SystemCoreClockUpdate)
    i.SystemInit                             0x08000d88   Section        0  system_stm32f4xx.o(i.SystemInit)
    i.UART5_IRQHandler                       0x08000dec   Section        0  action_uart.o(i.UART5_IRQHandler)
    i.USART1_IRQHandler                      0x08000df8   Section        0  action_uart.o(i.USART1_IRQHandler)
    i.USART3_IRQHandler                      0x08000e04   Section        0  action_uart.o(i.USART3_IRQHandler)
    i.USART3_Init                            0x08000e40   Section        0  action_uart.o(i.USART3_Init)
    i.USART_printf                           0x08000f3c   Section        0  action_uart.o(i.USART_printf)
    i.__0vsprintf                            0x08000f84   Section        0  printfa.o(i.__0vsprintf)
    i.__NVIC_EnableIRQ                       0x08000fa8   Section        0  action_uart.o(i.__NVIC_EnableIRQ)
    __NVIC_EnableIRQ                         0x08000fa9   Thumb Code    26  action_uart.o(i.__NVIC_EnableIRQ)
    i.__NVIC_GetPriorityGrouping             0x08000fc4   Section        0  action_uart.o(i.__NVIC_GetPriorityGrouping)
    __NVIC_GetPriorityGrouping               0x08000fc5   Thumb Code    10  action_uart.o(i.__NVIC_GetPriorityGrouping)
    i.__NVIC_SetPriority                     0x08000fd4   Section        0  action_sys.o(i.__NVIC_SetPriority)
    __NVIC_SetPriority                       0x08000fd5   Thumb Code    32  action_sys.o(i.__NVIC_SetPriority)
    i.__NVIC_SetPriority                     0x08000ffc   Section        0  action_uart.o(i.__NVIC_SetPriority)
    __NVIC_SetPriority                       0x08000ffd   Thumb Code    32  action_uart.o(i.__NVIC_SetPriority)
    i.__scatterload_copy                     0x08001024   Section       14  handlers.o(i.__scatterload_copy)
    i.__scatterload_null                     0x08001032   Section        2  handlers.o(i.__scatterload_null)
    i.__scatterload_zeroinit                 0x08001034   Section       14  handlers.o(i.__scatterload_zeroinit)
    i._fp_digits                             0x08001044   Section        0  printfa.o(i._fp_digits)
    _fp_digits                               0x08001045   Thumb Code   366  printfa.o(i._fp_digits)
    i._printf_core                           0x080011c8   Section        0  printfa.o(i._printf_core)
    _printf_core                             0x080011c9   Thumb Code  1744  printfa.o(i._printf_core)
    i._printf_post_padding                   0x080018a4   Section        0  printfa.o(i._printf_post_padding)
    _printf_post_padding                     0x080018a5   Thumb Code    36  printfa.o(i._printf_post_padding)
    i._printf_pre_padding                    0x080018c8   Section        0  printfa.o(i._printf_pre_padding)
    _printf_pre_padding                      0x080018c9   Thumb Code    46  printfa.o(i._printf_pre_padding)
    i._sputc                                 0x080018f6   Section        0  printfa.o(i._sputc)
    _sputc                                   0x080018f7   Thumb Code    10  printfa.o(i._sputc)
    i.iap_load_app                           0x08001900   Section        0  iap.o(i.iap_load_app)
    i.iap_write_appbin                       0x0800192c   Section        0  iap.o(i.iap_write_appbin)
    i.main                                   0x08001994   Section        0  main.o(i.main)
    .constdata                               0x08001b6c   Section       24  system_stm32f4xx.o(.constdata)
    .data                                    0x20000000   Section        4  iap.o(.data)
    .data                                    0x20000004   Section        4  action_sys.o(.data)
    .data                                    0x20000008   Section        4  action_uart.o(.data)
    .data                                    0x2000000c   Section        4  system_stm32f4xx.o(.data)
    .bss                                     0x20000010   Section     2048  iap.o(.bss)
    STACK                                    0x20000810   Section     1024  startup_stm32f407xx.o(STACK)
    .ARM.__AT_0x20001000                     0x20001000   Section    122880  action_uart.o(.ARM.__AT_0x20001000)

    Global Symbols

    Symbol Name                              Value     Ov Type        Size  Object(Section)

    BuildAttributes$$THM_ISAv4$E$P$D$K$B$S$7EM$VFPi3$EXTD16$VFPS$VFMA$PE$A:L22UL41UL21$X:L11$S22US41US21$IEEE1$IW$USESV6$~STKCKD$USESV7$~SHL$OSPACE$ROPI$EBA8$MICROLIB$REQ8$PRES8$EABIv2 0x00000000   Number         0  anon$$obj.o ABSOLUTE
    __ARM_use_no_argv                        0x00000000   Number         0  main.o ABSOLUTE
    __cpp_initialize__aeabi_                  - Undefined Weak Reference
    __cxa_finalize                            - Undefined Weak Reference
    __decompress                              - Undefined Weak Reference
    _clock_init                               - Undefined Weak Reference
    _microlib_exit                            - Undefined Weak Reference
    __Vectors_Size                           0x00000188   Number         0  startup_stm32f407xx.o ABSOLUTE
    __Vectors                                0x08000000   Data           4  startup_stm32f407xx.o(RESET)
    __Vectors_End                            0x08000188   Data           0  startup_stm32f407xx.o(RESET)
    __main                                   0x08000189   Thumb Code     0  entry.o(.ARM.Collect$$$$00000000)
    _main_stk                                0x08000189   Thumb Code     0  entry2.o(.ARM.Collect$$$$00000001)
    _main_scatterload                        0x0800018d   Thumb Code     0  entry5.o(.ARM.Collect$$$$00000004)
    __main_after_scatterload                 0x08000191   Thumb Code     0  entry5.o(.ARM.Collect$$$$00000004)
    _main_clock                              0x08000191   Thumb Code     0  entry7b.o(.ARM.Collect$$$$00000008)
    _main_cpp_init                           0x08000191   Thumb Code     0  entry8b.o(.ARM.Collect$$$$0000000A)
    _main_init                               0x08000191   Thumb Code     0  entry9a.o(.ARM.Collect$$$$0000000B)
    __rt_final_cpp                           0x08000199   Thumb Code     0  entry10a.o(.ARM.Collect$$$$0000000D)
    __rt_final_exit                          0x08000199   Thumb Code     0  entry11a.o(.ARM.Collect$$$$0000000F)
    MSR_MSP                                  0x0800019d   Thumb Code     6  iap.o(.emb_text)
    Reset_Handler                            0x080001a5   Thumb Code     8  startup_stm32f407xx.o(.text)
    NMI_Handler                              0x080001ad   Thumb Code     2  startup_stm32f407xx.o(.text)
    HardFault_Handler                        0x080001af   Thumb Code     2  startup_stm32f407xx.o(.text)
    MemManage_Handler                        0x080001b1   Thumb Code     2  startup_stm32f407xx.o(.text)
    BusFault_Handler                         0x080001b3   Thumb Code     2  startup_stm32f407xx.o(.text)
    UsageFault_Handler                       0x080001b5   Thumb Code     2  startup_stm32f407xx.o(.text)
    SVC_Handler                              0x080001b7   Thumb Code     2  startup_stm32f407xx.o(.text)
    DebugMon_Handler                         0x080001b9   Thumb Code     2  startup_stm32f407xx.o(.text)
    PendSV_Handler                           0x080001bb   Thumb Code     2  startup_stm32f407xx.o(.text)
    ADC_IRQHandler                           0x080001bf   Thumb Code     0  startup_stm32f407xx.o(.text)
    CAN1_RX0_IRQHandler                      0x080001bf   Thumb Code     0  startup_stm32f407xx.o(.text)
    CAN1_RX1_IRQHandler                      0x080001bf   Thumb Code     0  startup_stm32f407xx.o(.text)
    CAN1_SCE_IRQHandler                      0x080001bf   Thumb Code     0  startup_stm32f407xx.o(.text)
    CAN1_TX_IRQHandler                       0x080001bf   Thumb Code     0  startup_stm32f407xx.o(.text)
    CAN2_RX0_IRQHandler                      0x080001bf   Thumb Code     0  startup_stm32f407xx.o(.text)
    CAN2_RX1_IRQHandler                      0x080001bf   Thumb Code     0  startup_stm32f407xx.o(.text)
    CAN2_SCE_IRQHandler                      0x080001bf   Thumb Code     0  startup_stm32f407xx.o(.text)
    CAN2_TX_IRQHandler                       0x080001bf   Thumb Code     0  startup_stm32f407xx.o(.text)
    DCMI_IRQHandler                          0x080001bf   Thumb Code     0  startup_stm32f407xx.o(.text)
    DMA1_Stream0_IRQHandler                  0x080001bf   Thumb Code     0  startup_stm32f407xx.o(.text)
    DMA1_Stream1_IRQHandler                  0x080001bf   Thumb Code     0  startup_stm32f407xx.o(.text)
    DMA1_Stream2_IRQHandler                  0x080001bf   Thumb Code     0  startup_stm32f407xx.o(.text)
    DMA1_Stream3_IRQHandler                  0x080001bf   Thumb Code     0  startup_stm32f407xx.o(.text)
    DMA1_Stream4_IRQHandler                  0x080001bf   Thumb Code     0  startup_stm32f407xx.o(.text)
    DMA1_Stream5_IRQHandler                  0x080001bf   Thumb Code     0  startup_stm32f407xx.o(.text)
    DMA1_Stream6_IRQHandler                  0x080001bf   Thumb Code     0  startup_stm32f407xx.o(.text)
    DMA1_Stream7_IRQHandler                  0x080001bf   Thumb Code     0  startup_stm32f407xx.o(.text)
    DMA2_Stream0_IRQHandler                  0x080001bf   Thumb Code     0  startup_stm32f407xx.o(.text)
    DMA2_Stream1_IRQHandler                  0x080001bf   Thumb Code     0  startup_stm32f407xx.o(.text)
    DMA2_Stream2_IRQHandler                  0x080001bf   Thumb Code     0  startup_stm32f407xx.o(.text)
    DMA2_Stream3_IRQHandler                  0x080001bf   Thumb Code     0  startup_stm32f407xx.o(.text)
    DMA2_Stream4_IRQHandler                  0x080001bf   Thumb Code     0  startup_stm32f407xx.o(.text)
    DMA2_Stream5_IRQHandler                  0x080001bf   Thumb Code     0  startup_stm32f407xx.o(.text)
    DMA2_Stream6_IRQHandler                  0x080001bf   Thumb Code     0  startup_stm32f407xx.o(.text)
    DMA2_Stream7_IRQHandler                  0x080001bf   Thumb Code     0  startup_stm32f407xx.o(.text)
    ETH_IRQHandler                           0x080001bf   Thumb Code     0  startup_stm32f407xx.o(.text)
    ETH_WKUP_IRQHandler                      0x080001bf   Thumb Code     0  startup_stm32f407xx.o(.text)
    EXTI0_IRQHandler                         0x080001bf   Thumb Code     0  startup_stm32f407xx.o(.text)
    EXTI15_10_IRQHandler                     0x080001bf   Thumb Code     0  startup_stm32f407xx.o(.text)
    EXTI1_IRQHandler                         0x080001bf   Thumb Code     0  startup_stm32f407xx.o(.text)
    EXTI2_IRQHandler                         0x080001bf   Thumb Code     0  startup_stm32f407xx.o(.text)
    EXTI3_IRQHandler                         0x080001bf   Thumb Code     0  startup_stm32f407xx.o(.text)
    EXTI4_IRQHandler                         0x080001bf   Thumb Code     0  startup_stm32f407xx.o(.text)
    EXTI9_5_IRQHandler                       0x080001bf   Thumb Code     0  startup_stm32f407xx.o(.text)
    FLASH_IRQHandler                         0x080001bf   Thumb Code     0  startup_stm32f407xx.o(.text)
    FMC_IRQHandler                           0x080001bf   Thumb Code     0  startup_stm32f407xx.o(.text)
    FPU_IRQHandler                           0x080001bf   Thumb Code     0  startup_stm32f407xx.o(.text)
    HASH_RNG_IRQHandler                      0x080001bf   Thumb Code     0  startup_stm32f407xx.o(.text)
    I2C1_ER_IRQHandler                       0x080001bf   Thumb Code     0  startup_stm32f407xx.o(.text)
    I2C1_EV_IRQHandler                       0x080001bf   Thumb Code     0  startup_stm32f407xx.o(.text)
    I2C2_ER_IRQHandler                       0x080001bf   Thumb Code     0  startup_stm32f407xx.o(.text)
    I2C2_EV_IRQHandler                       0x080001bf   Thumb Code     0  startup_stm32f407xx.o(.text)
    I2C3_ER_IRQHandler                       0x080001bf   Thumb Code     0  startup_stm32f407xx.o(.text)
    I2C3_EV_IRQHandler                       0x080001bf   Thumb Code     0  startup_stm32f407xx.o(.text)
    OTG_FS_IRQHandler                        0x080001bf   Thumb Code     0  startup_stm32f407xx.o(.text)
    OTG_FS_WKUP_IRQHandler                   0x080001bf   Thumb Code     0  startup_stm32f407xx.o(.text)
    OTG_HS_EP1_IN_IRQHandler                 0x080001bf   Thumb Code     0  startup_stm32f407xx.o(.text)
    OTG_HS_EP1_OUT_IRQHandler                0x080001bf   Thumb Code     0  startup_stm32f407xx.o(.text)
    OTG_HS_IRQHandler                        0x080001bf   Thumb Code     0  startup_stm32f407xx.o(.text)
    OTG_HS_WKUP_IRQHandler                   0x080001bf   Thumb Code     0  startup_stm32f407xx.o(.text)
    PVD_IRQHandler                           0x080001bf   Thumb Code     0  startup_stm32f407xx.o(.text)
    RCC_IRQHandler                           0x080001bf   Thumb Code     0  startup_stm32f407xx.o(.text)
    RTC_Alarm_IRQHandler                     0x080001bf   Thumb Code     0  startup_stm32f407xx.o(.text)
    RTC_WKUP_IRQHandler                      0x080001bf   Thumb Code     0  startup_stm32f407xx.o(.text)
    SDIO_IRQHandler                          0x080001bf   Thumb Code     0  startup_stm32f407xx.o(.text)
    SPI1_IRQHandler                          0x080001bf   Thumb Code     0  startup_stm32f407xx.o(.text)
    SPI2_IRQHandler                          0x080001bf   Thumb Code     0  startup_stm32f407xx.o(.text)
    SPI3_IRQHandler                          0x080001bf   Thumb Code     0  startup_stm32f407xx.o(.text)
    TAMP_STAMP_IRQHandler                    0x080001bf   Thumb Code     0  startup_stm32f407xx.o(.text)
    TIM1_BRK_TIM9_IRQHandler                 0x080001bf   Thumb Code     0  startup_stm32f407xx.o(.text)
    TIM1_CC_IRQHandler                       0x080001bf   Thumb Code     0  startup_stm32f407xx.o(.text)
    TIM1_TRG_COM_TIM11_IRQHandler            0x080001bf   Thumb Code     0  startup_stm32f407xx.o(.text)
    TIM1_UP_TIM10_IRQHandler                 0x080001bf   Thumb Code     0  startup_stm32f407xx.o(.text)
    TIM2_IRQHandler                          0x080001bf   Thumb Code     0  startup_stm32f407xx.o(.text)
    TIM3_IRQHandler                          0x080001bf   Thumb Code     0  startup_stm32f407xx.o(.text)
    TIM4_IRQHandler                          0x080001bf   Thumb Code     0  startup_stm32f407xx.o(.text)
    TIM5_IRQHandler                          0x080001bf   Thumb Code     0  startup_stm32f407xx.o(.text)
    TIM6_DAC_IRQHandler                      0x080001bf   Thumb Code     0  startup_stm32f407xx.o(.text)
    TIM7_IRQHandler                          0x080001bf   Thumb Code     0  startup_stm32f407xx.o(.text)
    TIM8_BRK_TIM12_IRQHandler                0x080001bf   Thumb Code     0  startup_stm32f407xx.o(.text)
    TIM8_CC_IRQHandler                       0x080001bf   Thumb Code     0  startup_stm32f407xx.o(.text)
    TIM8_TRG_COM_TIM14_IRQHandler            0x080001bf   Thumb Code     0  startup_stm32f407xx.o(.text)
    TIM8_UP_TIM13_IRQHandler                 0x080001bf   Thumb Code     0  startup_stm32f407xx.o(.text)
    UART4_IRQHandler                         0x080001bf   Thumb Code     0  startup_stm32f407xx.o(.text)
    USART2_IRQHandler                        0x080001bf   Thumb Code     0  startup_stm32f407xx.o(.text)
    USART6_IRQHandler                        0x080001bf   Thumb Code     0  startup_stm32f407xx.o(.text)
    WWDG_IRQHandler                          0x080001bf   Thumb Code     0  startup_stm32f407xx.o(.text)
    strlen                                   0x080001c9   Thumb Code    14  strlen.o(.text)
    __aeabi_uidiv                            0x080001d7   Thumb Code     0  uidiv.o(.text)
    __aeabi_uidivmod                         0x080001d7   Thumb Code    44  uidiv.o(.text)
    __aeabi_uldivmod                         0x08000203   Thumb Code    98  uldiv.o(.text)
    __I$use$fp                               0x08000265   Thumb Code     0  iusefp.o(.text)
    __aeabi_dadd                             0x08000265   Thumb Code   322  dadd.o(.text)
    __aeabi_dsub                             0x080003a7   Thumb Code     6  dadd.o(.text)
    __aeabi_drsub                            0x080003ad   Thumb Code     6  dadd.o(.text)
    __aeabi_dmul                             0x080003b3   Thumb Code   228  dmul.o(.text)
    __aeabi_ddiv                             0x08000497   Thumb Code   222  ddiv.o(.text)
    __aeabi_d2ulz                            0x08000575   Thumb Code    48  dfixul.o(.text)
    __aeabi_cdrcmple                         0x080005a5   Thumb Code    48  cdrcmple.o(.text)
    __scatterload                            0x080005d5   Thumb Code    28  init.o(.text)
    __scatterload_rt2                        0x080005d5   Thumb Code     0  init.o(.text)
    __aeabi_llsl                             0x080005f9   Thumb Code    30  llshl.o(.text)
    _ll_shift_l                              0x080005f9   Thumb Code     0  llshl.o(.text)
    __aeabi_llsr                             0x08000617   Thumb Code    32  llushr.o(.text)
    _ll_ushift_r                             0x08000617   Thumb Code     0  llushr.o(.text)
    __aeabi_lasr                             0x08000637   Thumb Code    36  llsshr.o(.text)
    _ll_sshift_r                             0x08000637   Thumb Code     0  llsshr.o(.text)
    _double_round                            0x0800065b   Thumb Code    30  depilogue.o(.text)
    _double_epilogue                         0x08000679   Thumb Code   156  depilogue.o(.text)
    Beep_Init                                0x08000715   Thumb Code    74  action_gpio.o(i.Beep_Init)
    Delay_Ms                                 0x08000769   Thumb Code    26  action_sys.o(i.Delay_Ms)
    Device_Init                              0x08000785   Thumb Code    86  action_sys.o(i.Device_Init)
    GetTick                                  0x080007e9   Thumb Code     6  action_sys.o(i.GetTick)
    IncTick                                  0x080007f5   Thumb Code    12  action_sys.o(i.IncTick)
    KEY_Init                                 0x08000805   Thumb Code    36  action_gpio.o(i.KEY_Init)
    STMFLASH_EraseSector                     0x08000871   Thumb Code   106  action_flash.o(i.STMFLASH_EraseSector)
    STMFLASH_GetFlashSector                  0x080008e5   Thumb Code   116  action_flash.o(i.STMFLASH_GetFlashSector)
    STMFLASH_GetStatus                       0x08000985   Thumb Code    60  action_flash.o(i.STMFLASH_GetStatus)
    STMFLASH_Lock                            0x080009c5   Thumb Code    14  action_flash.o(i.STMFLASH_Lock)
    STMFLASH_ReadWord                        0x080009d9   Thumb Code     6  action_flash.o(i.STMFLASH_ReadWord)
    STMFLASH_Unlock                          0x080009e1   Thumb Code    12  action_flash.o(i.STMFLASH_Unlock)
    STMFLASH_WaitDone                        0x080009f9   Thumb Code    40  action_flash.o(i.STMFLASH_WaitDone)
    STMFLASH_Write                           0x08000a21   Thumb Code   154  action_flash.o(i.STMFLASH_Write)
    STMFLASH_WriteWord                       0x08000ac5   Thumb Code    78  action_flash.o(i.STMFLASH_WriteWord)
    SysTick_Handler                          0x08000b19   Thumb Code     8  action_sys.o(i.SysTick_Handler)
    SysTick_Init                             0x08000b21   Thumb Code   168  action_sys.o(i.SysTick_Init)
    SystemClock_Config                       0x08000bd1   Thumb Code   238  action_sys.o(i.SystemClock_Config)
    SystemCoreClockUpdate                    0x08000cc9   Thumb Code   170  system_stm32f4xx.o(i.SystemCoreClockUpdate)
    SystemInit                               0x08000d89   Thumb Code    82  system_stm32f4xx.o(i.SystemInit)
    UART5_IRQHandler                         0x08000ded   Thumb Code     6  action_uart.o(i.UART5_IRQHandler)
    USART1_IRQHandler                        0x08000df9   Thumb Code     6  action_uart.o(i.USART1_IRQHandler)
    USART3_IRQHandler                        0x08000e05   Thumb Code    48  action_uart.o(i.USART3_IRQHandler)
    USART3_Init                              0x08000e41   Thumb Code   230  action_uart.o(i.USART3_Init)
    USART_printf                             0x08000f3d   Thumb Code    70  action_uart.o(i.USART_printf)
    __0vsprintf                              0x08000f85   Thumb Code    30  printfa.o(i.__0vsprintf)
    __1vsprintf                              0x08000f85   Thumb Code     0  printfa.o(i.__0vsprintf)
    __2vsprintf                              0x08000f85   Thumb Code     0  printfa.o(i.__0vsprintf)
    __c89vsprintf                            0x08000f85   Thumb Code     0  printfa.o(i.__0vsprintf)
    vsprintf                                 0x08000f85   Thumb Code     0  printfa.o(i.__0vsprintf)
    __scatterload_copy                       0x08001025   Thumb Code    14  handlers.o(i.__scatterload_copy)
    __scatterload_null                       0x08001033   Thumb Code     2  handlers.o(i.__scatterload_null)
    __scatterload_zeroinit                   0x08001035   Thumb Code    14  handlers.o(i.__scatterload_zeroinit)
    iap_load_app                             0x08001901   Thumb Code    36  iap.o(i.iap_load_app)
    iap_write_appbin                         0x0800192d   Thumb Code   100  iap.o(i.iap_write_appbin)
    main                                     0x08001995   Thumb Code   264  main.o(i.main)
    AHBPrescTable                            0x08001b6c   Data          16  system_stm32f4xx.o(.constdata)
    APBPrescTable                            0x08001b7c   Data           8  system_stm32f4xx.o(.constdata)
    Region$$Table$$Base                      0x08001b84   Number         0  anon$$obj.o(Region$$Table)
    Region$$Table$$Limit                     0x08001ba4   Number         0  anon$$obj.o(Region$$Table)
    jump2app                                 0x20000000   Data           4  iap.o(.data)
    uwTick                                   0x20000004   Data           4  action_sys.o(.data)
    USART_RX_CNT                             0x20000008   Data           4  action_uart.o(.data)
    SystemCoreClock                          0x2000000c   Data           4  system_stm32f4xx.o(.data)
    iapbuf                                   0x20000010   Data        2048  iap.o(.bss)
    __initial_sp                             0x20000c10   Data           0  startup_stm32f407xx.o(STACK)
    USART_RX_BUF_BIN                         0x20001000   Data       122880  action_uart.o(.ARM.__AT_0x20001000)



==============================================================================

Memory Map of the image

  Image Entry point : 0x08000189

  Load Region LR_IROM1 (Base: 0x08000000, Size: 0x00001bb4, Max: 0x00100000, ABSOLUTE)

    Execution Region ER_IROM1 (Base: 0x08000000, Size: 0x00001ba4, Max: 0x00100000, ABSOLUTE)

    Base Addr    Size         Type   Attr      Idx    E Section Name        Object

    0x08000000   0x00000188   Data   RO          409    RESET               startup_stm32f407xx.o
    0x08000188   0x00000000   Code   RO          461  * .ARM.Collect$$$$00000000  mc_w.l(entry.o)
    0x08000188   0x00000004   Code   RO          494    .ARM.Collect$$$$00000001  mc_w.l(entry2.o)
    0x0800018c   0x00000004   Code   RO          497    .ARM.Collect$$$$00000004  mc_w.l(entry5.o)
    0x08000190   0x00000000   Code   RO          499    .ARM.Collect$$$$00000008  mc_w.l(entry7b.o)
    0x08000190   0x00000000   Code   RO          501    .ARM.Collect$$$$0000000A  mc_w.l(entry8b.o)
    0x08000190   0x00000008   Code   RO          502    .ARM.Collect$$$$0000000B  mc_w.l(entry9a.o)
    0x08000198   0x00000000   Code   RO          504    .ARM.Collect$$$$0000000D  mc_w.l(entry10a.o)
    0x08000198   0x00000000   Code   RO          506    .ARM.Collect$$$$0000000F  mc_w.l(entry11a.o)
    0x08000198   0x00000004   Code   RO          495    .ARM.Collect$$$$00002712  mc_w.l(entry2.o)
    0x0800019c   0x00000006   Code   RO           64    .emb_text           iap.o
    0x080001a2   0x00000002   PAD
    0x080001a4   0x00000024   Code   RO          410    .text               startup_stm32f407xx.o
    0x080001c8   0x0000000e   Code   RO          464    .text               mc_w.l(strlen.o)
    0x080001d6   0x0000002c   Code   RO          511    .text               mc_w.l(uidiv.o)
    0x08000202   0x00000062   Code   RO          513    .text               mc_w.l(uldiv.o)
    0x08000264   0x00000000   Code   RO          515    .text               mc_w.l(iusefp.o)
    0x08000264   0x0000014e   Code   RO          516    .text               mf_w.l(dadd.o)
    0x080003b2   0x000000e4   Code   RO          518    .text               mf_w.l(dmul.o)
    0x08000496   0x000000de   Code   RO          520    .text               mf_w.l(ddiv.o)
    0x08000574   0x00000030   Code   RO          522    .text               mf_w.l(dfixul.o)
    0x080005a4   0x00000030   Code   RO          524    .text               mf_w.l(cdrcmple.o)
    0x080005d4   0x00000024   Code   RO          526    .text               mc_w.l(init.o)
    0x080005f8   0x0000001e   Code   RO          529    .text               mc_w.l(llshl.o)
    0x08000616   0x00000020   Code   RO          531    .text               mc_w.l(llushr.o)
    0x08000636   0x00000024   Code   RO          533    .text               mc_w.l(llsshr.o)
    0x0800065a   0x000000ba   Code   RO          536    .text               mf_w.l(depilogue.o)
    0x08000714   0x00000054   Code   RO          374    i.Beep_Init         action_gpio.o
    0x08000768   0x0000001a   Code   RO          105    i.Delay_Ms          action_sys.o
    0x08000782   0x00000002   PAD
    0x08000784   0x00000064   Code   RO          106    i.Device_Init       action_sys.o
    0x080007e8   0x0000000c   Code   RO          107    i.GetTick           action_sys.o
    0x080007f4   0x00000010   Code   RO          108    i.IncTick           action_sys.o
    0x08000804   0x0000002c   Code   RO          375    i.KEY_Init          action_gpio.o
    0x08000830   0x00000040   Code   RO          177    i.NVIC_EncodePriority  action_uart.o
    0x08000870   0x00000074   Code   RO          290    i.STMFLASH_EraseSector  action_flash.o
    0x080008e4   0x000000a0   Code   RO          291    i.STMFLASH_GetFlashSector  action_flash.o
    0x08000984   0x00000040   Code   RO          292    i.STMFLASH_GetStatus  action_flash.o
    0x080009c4   0x00000014   Code   RO          293    i.STMFLASH_Lock     action_flash.o
    0x080009d8   0x00000006   Code   RO          295    i.STMFLASH_ReadWord  action_flash.o
    0x080009de   0x00000002   PAD
    0x080009e0   0x00000018   Code   RO          296    i.STMFLASH_Unlock   action_flash.o
    0x080009f8   0x00000028   Code   RO          297    i.STMFLASH_WaitDone  action_flash.o
    0x08000a20   0x000000a4   Code   RO          298    i.STMFLASH_Write    action_flash.o
    0x08000ac4   0x00000054   Code   RO          299    i.STMFLASH_WriteWord  action_flash.o
    0x08000b18   0x00000008   Code   RO          109    i.SysTick_Handler   action_sys.o
    0x08000b20   0x000000b0   Code   RO          110    i.SysTick_Init      action_sys.o
    0x08000bd0   0x000000f8   Code   RO          111    i.SystemClock_Config  action_sys.o
    0x08000cc8   0x000000c0   Code   RO          417    i.SystemCoreClockUpdate  system_stm32f4xx.o
    0x08000d88   0x00000064   Code   RO          418    i.SystemInit        system_stm32f4xx.o
    0x08000dec   0x0000000c   Code   RO          178    i.UART5_IRQHandler  action_uart.o
    0x08000df8   0x0000000c   Code   RO          180    i.USART1_IRQHandler  action_uart.o
    0x08000e04   0x0000003c   Code   RO          182    i.USART3_IRQHandler  action_uart.o
    0x08000e40   0x000000fc   Code   RO          183    i.USART3_Init       action_uart.o
    0x08000f3c   0x00000046   Code   RO          184    i.USART_printf      action_uart.o
    0x08000f82   0x00000002   PAD
    0x08000f84   0x00000024   Code   RO          473    i.__0vsprintf       mc_w.l(printfa.o)
    0x08000fa8   0x0000001a   Code   RO          186    i.__NVIC_EnableIRQ  action_uart.o
    0x08000fc2   0x00000002   PAD
    0x08000fc4   0x00000010   Code   RO          187    i.__NVIC_GetPriorityGrouping  action_uart.o
    0x08000fd4   0x00000028   Code   RO          112    i.__NVIC_SetPriority  action_sys.o
    0x08000ffc   0x00000028   Code   RO          188    i.__NVIC_SetPriority  action_uart.o
    0x08001024   0x0000000e   Code   RO          540    i.__scatterload_copy  mc_w.l(handlers.o)
    0x08001032   0x00000002   Code   RO          541    i.__scatterload_null  mc_w.l(handlers.o)
    0x08001034   0x0000000e   Code   RO          542    i.__scatterload_zeroinit  mc_w.l(handlers.o)
    0x08001042   0x00000002   PAD
    0x08001044   0x00000184   Code   RO          474    i._fp_digits        mc_w.l(printfa.o)
    0x080011c8   0x000006dc   Code   RO          475    i._printf_core      mc_w.l(printfa.o)
    0x080018a4   0x00000024   Code   RO          476    i._printf_post_padding  mc_w.l(printfa.o)
    0x080018c8   0x0000002e   Code   RO          477    i._printf_pre_padding  mc_w.l(printfa.o)
    0x080018f6   0x0000000a   Code   RO          479    i._sputc            mc_w.l(printfa.o)
    0x08001900   0x0000002c   Code   RO           65    i.iap_load_app      iap.o
    0x0800192c   0x00000068   Code   RO           66    i.iap_write_appbin  iap.o
    0x08001994   0x000001d8   Code   RO            4    i.main              main.o
    0x08001b6c   0x00000018   Data   RO          419    .constdata          system_stm32f4xx.o
    0x08001b84   0x00000020   Data   RO          538    Region$$Table       anon$$obj.o


    Execution Region RW_IRAM1 (Base: 0x20000000, Size: 0x0001f000, Max: 0x00020000, ABSOLUTE)

    Base Addr    Size         Type   Attr      Idx    E Section Name        Object

    0x20000000   0x00000004   Data   RW           68    .data               iap.o
    0x20000004   0x00000004   Data   RW          113    .data               action_sys.o
    0x20000008   0x00000004   Data   RW          191    .data               action_uart.o
    0x2000000c   0x00000004   Data   RW          420    .data               system_stm32f4xx.o
    0x20000010   0x00000800   Zero   RW           67    .bss                iap.o
    0x20000810   0x00000400   Zero   RW          407    STACK               startup_stm32f407xx.o
    0x20000c10   0x000003f0   PAD
    0x20001000   0x0001e000   Zero   RW          190    .ARM.__AT_0x20001000  action_uart.o


==============================================================================

Image component sizes


      Code (inc. data)   RO Data    RW Data    ZI Data      Debug   Object Name

       678         92          0          0          0       6650   action_flash.o
       128         18          0          0          0       1075   action_gpio.o
       626         50          0          4          0      35663   action_sys.o
       552         60          0          4     122880      36795   action_uart.o
       154         12          0          4       2048       2724   iap.o
       472        208          0          0          0     556815   main.o
        36          8        392          0       1024        928   startup_stm32f407xx.o
       292         40         24          4          0       2339   system_stm32f4xx.o

    ----------------------------------------------------------------------
      2948        488        448         16     126960     642989   Object Totals
         0          0         32          0          0          0   (incl. Generated)
        10          0          0          0       1008          0   (incl. Padding)

    ----------------------------------------------------------------------

      Code (inc. data)   RO Data    RW Data    ZI Data      Debug   Library Member Name

         0          0          0          0          0          0   entry.o
         0          0          0          0          0          0   entry10a.o
         0          0          0          0          0          0   entry11a.o
         8          4          0          0          0          0   entry2.o
         4          0          0          0          0          0   entry5.o
         0          0          0          0          0          0   entry7b.o
         0          0          0          0          0          0   entry8b.o
         8          4          0          0          0          0   entry9a.o
        30          0          0          0          0          0   handlers.o
        36          8          0          0          0         68   init.o
         0          0          0          0          0          0   iusefp.o
        30          0          0          0          0         68   llshl.o
        36          0          0          0          0         68   llsshr.o
        32          0          0          0          0         68   llushr.o
      2272         86          0          0          0        516   printfa.o
        14          0          0          0          0         68   strlen.o
        44          0          0          0          0         80   uidiv.o
        98          0          0          0          0         92   uldiv.o
        48          0          0          0          0         68   cdrcmple.o
       334          0          0          0          0        148   dadd.o
       222          0          0          0          0        100   ddiv.o
       186          0          0          0          0        176   depilogue.o
        48          0          0          0          0         68   dfixul.o
       228          0          0          0          0         96   dmul.o

    ----------------------------------------------------------------------
      3680        102          0          0          0       1684   Library Totals
         2          0          0          0          0          0   (incl. Padding)

    ----------------------------------------------------------------------

      Code (inc. data)   RO Data    RW Data    ZI Data      Debug   Library Name

      2612        102          0          0          0       1028   mc_w.l
      1066          0          0          0          0        656   mf_w.l

    ----------------------------------------------------------------------
      3680        102          0          0          0       1684   Library Totals

    ----------------------------------------------------------------------

==============================================================================


      Code (inc. data)   RO Data    RW Data    ZI Data      Debug   

      6628        590        448         16     126960     641145   Grand Totals
      6628        590        448         16     126960     641145   ELF Image Totals
      6628        590        448         16          0          0   ROM Totals

==============================================================================

    Total RO  Size (Code + RO Data)                 7076 (   6.91kB)
    Total RW  Size (RW Data + ZI Data)            126976 ( 124.00kB)
    Total ROM Size (Code + RO Data + RW Data)       7092 (   6.93kB)

==============================================================================

